__tests__/lib/rounds/fsm.test.ts(159,11): error TS2739: Type '{ id: string; roundNumber: number; type: string; status: string; startTime: number; endTime: number; lockTime: number; totalPool: number; totalGoldBets: number; totalBtcBets: number; totalBetsCount: number; ... 24 more ...; updatedAt: number; }' is missing the following properties from type '{ id: string; type: string; status: string; createdAt: number; updatedAt: number; roundNumber: number; startTime: number; endTime: number; lockTime: number; goldStartPrice: string | null; goldEndPrice: string | null; ... 26 more ...; settlementFailureAlertSentAt: number | null; }': payoutPool, settlementFailureAlertSentAt
app/api/shop/purchase/execute/route.ts(187,39): error TS2769: No overload matches this call.
  Overload 1 of 2, '(value: { type: string | SQL<unknown> | Placeholder<string, any>; userId: string | SQL<unknown> | Placeholder<string, any>; name: string | SQL<unknown> | Placeholder<string, any>; ... 10 more ...; properties?: string | ... 3 more ... | undefined; }): SQLiteInsertBase<...>', gave the following error.
    Object literal may only specify known properties, and 'suiTxHash' does not exist in type '{ type: string | SQL<unknown> | Placeholder<string, any>; userId: string | SQL<unknown> | Placeholder<string, any>; name: string | SQL<unknown> | Placeholder<string, any>; ... 10 more ...; properties?: string | ... 3 more ... | undefined; }'.
  Overload 2 of 2, '(values: { type: string | SQL<unknown> | Placeholder<string, any>; userId: string | SQL<unknown> | Placeholder<string, any>; name: string | SQL<unknown> | Placeholder<string, any>; ... 10 more ...; properties?: string | ... 3 more ... | undefined; }[]): SQLiteInsertBase<...>', gave the following error.
    Object literal may only specify known properties, and 'userId' does not exist in type '{ type: string | SQL<unknown> | Placeholder<string, any>; userId: string | SQL<unknown> | Placeholder<string, any>; name: string | SQL<unknown> | Placeholder<string, any>; ... 10 more ...; properties?: string | ... 3 more ... | undefined; }[]'.
scripts/verify-shop-api.ts(36,19): error TS7006: Parameter 'item' implicitly has an 'any' type.
scripts/verify-shop-api.ts(44,38): error TS7006: Parameter 'a' implicitly has an 'any' type.
scripts/verify-shop-api.ts(44,41): error TS7006: Parameter 'b' implicitly has an 'any' type.
scripts/verify-shop-api.ts(63,22): error TS7006: Parameter 'item' implicitly has an 'any' type.
scripts/verify-shop.ts(26,33): error TS7006: Parameter 'u' implicitly has an 'any' type.
